// Jest Snapshot v1, https://goo.gl/fbAQLP

exports[`PageDots renders correctly 1`] = `
<View
  style={
    Object {
      "alignItems": "center",
      "flexDirection": "row",
      "justifyContent": "center",
      "padding": 10,
      "zIndex": 2,
    }
  }
/>
`;
