// Jest Snapshot v1, https://goo.gl/fbAQLP

exports[`PageContent wrapped with redux is ok renders alright 1`] = `undefined`;
