// Jest Snapshot v1, https://goo.gl/fbAQLP

exports[`Paginator wrapped with redux is ok renders alright 1`] = `undefined`;
